// Jest Snapshot v1, https://jestjs.io/docs/snapshot-testing

exports[`ProductCard matches snapshot 1`] = `
<div>
  <div
    class="border rounded-lg overflow-hidden shadow-sm hover:shadow-md transition-shadow duration-200"
  >
    <div
      class="relative"
    >
      <img
        alt="Cool Game"
        class="w-full h-60 object-fill py-5 px-5 rounded-tl-[36px] rounded-tr-[36px]"
        height="250"
        src="/game.png"
        width="400"
      />
    </div>
    <div
      class="px-6"
    >
      <p
        class="text-gray-500 text-xs uppercase"
      >
        Action
      </p>
      <div
        class="flex justify-between align-center min-h-16"
      >
        <h2
          class="font-bold text-lg mt-1"
        >
          Cool Game
        </h2>
        <p
          class="font-semibold mt-1"
        >
          $
          100
        </p>
      </div>
      <button
        class="mb-5 w-full border rounded px-4 py-2 font-semibold transition border-gray-400 hover:bg-gray-100"
      >
        ADD TO CART
      </button>
    </div>
  </div>
</div>
`;
